automerge: false
parallel_apply: true
parallel_plan: true
projects:
- apply_requirements:
  - approved
  autoplan:
    enabled: false
    when_modified:
    - '*.hcl'
    - '*.tf*'
    - ../terragrunt.hcl
  dir: child_that_does_not_override
- apply_requirements:
  - mergeable
  autoplan:
    enabled: false
    when_modified:
    - '*.hcl'
    - '*.tf*'
    - ../terragrunt.hcl
  dir: child_that_overrides
- apply_requirements: []
  autoplan:
    enabled: false
    when_modified:
    - '*.hcl'
    - '*.tf*'
    - ../terragrunt.hcl
  dir: child_that_overrides_to_empty
- autoplan:
    enabled: false
    when_modified:
    - '*.hcl'
    - '*.tf*'
  dir: standalone_module_that_does_not_specify
- apply_requirements:
  - mergeable
  autoplan:
    enabled: false
    when_modified:
    - '*.hcl'
    - '*.tf*'
  dir: standalone_module_that_specifies
- apply_requirements: []
  autoplan:
    enabled: false
    when_modified:
    - '*.hcl'
    - '*.tf*'
  dir: standalone_module_that_specifies_empty
version: 3
