automerge: false
parallel_apply: true
parallel_plan: true
projects:
- apply_requirements:
  - approved
  - mergeable
  autoplan:
    enabled: false
    when_modified:
    - '*.hcl'
    - '*.tf*'
  dir: .
version: 3
