automerge: false
parallel_apply: true
parallel_plan: true
version: 3
