automerge: false
parallel_apply: true
parallel_plan: true
projects:
- autoplan:
    enabled: false
    when_modified:
    - '*.hcl'
    - '*.tf*'
    - '**/*.hcl'
    - '**/*.tf*'
    - ../terragrunt.hcl
  dir: invalid_parent_module/child
- autoplan:
    enabled: false
    when_modified:
    - '*.hcl'
    - '*.tf*'
    - '**/*.hcl'
    - '**/*.tf*'
    - ../../../terragrunt.hcl
  dir: multi_accounts_vpc_route53_tgw/network-account/eu-west-1/network
- autoplan:
    enabled: false
    when_modified:
    - '*.hcl'
    - '*.tf*'
    - '**/*.hcl'
    - '**/*.tf*'
    - ../../../terragrunt.hcl
    - ../env-a/network/vpc/terragrunt.hcl
    - ../../../network-account/eu-west-1/network/transit-gateway/terragrunt.hcl
  dir: multi_accounts_vpc_route53_tgw/prod/eu-west-1/_global
- autoplan:
    enabled: false
    when_modified:
    - '*.hcl'
    - '*.tf*'
    - '**/*.hcl'
    - '**/*.tf*'
    - ../../../terragrunt.hcl
    - ../../../network-account/eu-west-1/network/transit-gateway/terragrunt.hcl
  dir: multi_accounts_vpc_route53_tgw/prod/eu-west-1/env-a
- autoplan:
    enabled: false
    when_modified:
    - '*.hcl'
    - '*.tf*'
    - '**/*.hcl'
    - '**/*.tf*'
    - ../../../terragrunt.hcl
    - ../stage/network/terragrunt.hcl
  dir: no_terraform_blocks/myproject/eu-south-1/infra
- autoplan:
    enabled: false
    when_modified:
    - '*.hcl'
    - '*.tf*'
    - '**/*.hcl'
    - '**/*.tf*'
    - ../../../terragrunt.hcl
  dir: no_terraform_blocks/myproject/eu-south-1/stage
- autoplan:
    enabled: false
    when_modified:
    - '*.hcl'
    - '*.tf*'
    - '**/*.hcl'
    - '**/*.tf*'
    - ../../terragrunt.hcl
  dir: no_terraform_blocks/myproject/global
- autoplan:
    enabled: false
    when_modified:
    - '*.hcl'
    - '*.tf*'
    - '**/*.hcl'
    - '**/*.tf*'
    - ../../../terragrunt.hcl
    - ../../account.hcl
    - ../region.hcl
    - ../../arbitrary.hcl
    - ../stage/**/*.hcl
  dir: project_hcl_with_atlantis_locals/non-prod/us-east-1/qa
  workflow: anotherWorkflowSpecifiedInParent
- autoplan:
    enabled: false
    when_modified:
    - '*.hcl'
    - '*.tf*'
    - '**/*.hcl'
    - '**/*.tf*'
    - ../../../terragrunt.hcl
    - ../../account.hcl
    - ../region.hcl
  dir: project_hcl_with_atlantis_locals/non-prod/us-east-1/stage
  workflow: workflowSpecifiedInParent
- autoplan:
    enabled: false
    when_modified:
    - '*.hcl'
    - '*.tf*'
    - '**/*.hcl'
    - '**/*.tf*'
    - ../../../terragrunt.hcl
    - ../../account.hcl
    - ../region.hcl
    - ../../arbitrary.hcl
    - ../stage/**/*.hcl
  dir: project_hcl_with_project_marker/non-prod/us-east-1/qa
  workflow: anotherWorkflowSpecifiedInParent
- autoplan:
    enabled: false
    when_modified:
    - '*.hcl'
    - '*.tf*'
    - '**/*.hcl'
    - '**/*.tf*'
    - ../../../terragrunt.hcl
    - ../../account.hcl
    - ../region.hcl
  dir: project_hcl_with_project_marker/non-prod/us-east-1/stage
  workflow: workflowSpecifiedInParent
- autoplan:
    enabled: false
    when_modified:
    - '*.hcl'
    - '*.tf*'
    - '**/*.hcl'
    - '**/*.tf*'
    - ../../../terragrunt.hcl
    - ../../../_envcommon/mysql.hcl
    - ../../account.hcl
    - ../region.hcl
    - ../../../_envcommon/webserver-cluster.hcl
  dir: terragrunt-infrastructure-live-example/non-prod/us-east-1/qa
- autoplan:
    enabled: false
    when_modified:
    - '*.hcl'
    - '*.tf*'
    - '**/*.hcl'
    - '**/*.tf*'
    - ../../../terragrunt.hcl
    - ../../../_envcommon/mysql.hcl
    - ../../account.hcl
    - ../region.hcl
    - ../../../_envcommon/webserver-cluster.hcl
  dir: terragrunt-infrastructure-live-example/non-prod/us-east-1/stage
- autoplan:
    enabled: false
    when_modified:
    - '*.hcl'
    - '*.tf*'
    - '**/*.hcl'
    - '**/*.tf*'
    - ../../../terragrunt.hcl
    - ../../../_envcommon/mysql.hcl
    - ../../account.hcl
    - ../region.hcl
    - ../../../_envcommon/webserver-cluster.hcl
  dir: terragrunt-infrastructure-live-example/prod/us-east-1/prod
version: 3
