automerge: false
parallel_apply: true
parallel_plan: true
projects:
- apply_requirements:
  - approved
  autoplan:
    enabled: false
    when_modified:
    - '*.hcl'
    - '*.tf*'
    - ../terragrunt.hcl
  dir: apply_requirements_overrides/child_that_does_not_override
- apply_requirements:
  - mergeable
  autoplan:
    enabled: false
    when_modified:
    - '*.hcl'
    - '*.tf*'
    - ../terragrunt.hcl
  dir: apply_requirements_overrides/child_that_overrides
- apply_requirements: []
  autoplan:
    enabled: false
    when_modified:
    - '*.hcl'
    - '*.tf*'
    - ../terragrunt.hcl
  dir: apply_requirements_overrides/child_that_overrides_to_empty
- autoplan:
    enabled: false
    when_modified:
    - '*.hcl'
    - '*.tf*'
  dir: apply_requirements_overrides/standalone_module_that_does_not_specify
- apply_requirements:
  - mergeable
  autoplan:
    enabled: false
    when_modified:
    - '*.hcl'
    - '*.tf*'
  dir: apply_requirements_overrides/standalone_module_that_specifies
- apply_requirements: []
  autoplan:
    enabled: false
    when_modified:
    - '*.hcl'
    - '*.tf*'
  dir: apply_requirements_overrides/standalone_module_that_specifies_empty
- autoplan:
    enabled: false
    when_modified:
    - '*.hcl'
    - '*.tf*'
    - ../terragrunt.hcl
  dir: autoplan/autoplan_false
- autoplan:
    enabled: true
    when_modified:
    - '*.hcl'
    - '*.tf*'
    - ../terragrunt.hcl
  dir: autoplan/autoplan_true
- autoplan:
    enabled: true
    when_modified:
    - '*.hcl'
    - '*.tf*'
    - ../terragrunt.hcl
  dir: autoplan/set_in_parent
- autoplan:
    enabled: false
    when_modified:
    - '*.hcl'
    - '*.tf*'
  dir: basic_module
- autoplan:
    enabled: false
    when_modified:
    - '*.hcl'
    - '*.tf*'
  dir: chained_dependencies/dependency
- autoplan:
    enabled: false
    when_modified:
    - '*.hcl'
    - '*.tf*'
    - ../dependency/terragrunt.hcl
  dir: chained_dependencies/depender
- autoplan:
    enabled: false
    when_modified:
    - '*.hcl'
    - '*.tf*'
    - ../depender/terragrunt.hcl
    - ../dependency/terragrunt.hcl
    - nested/terragrunt.hcl
  dir: chained_dependencies/depender_on_depender
- autoplan:
    enabled: false
    when_modified:
    - '*.hcl'
    - '*.tf*'
    - ../../dependency/terragrunt.hcl
  dir: chained_dependencies/depender_on_depender/nested
- autoplan:
    enabled: false
    when_modified:
    - '*.hcl'
    - '*.tf*'
    - ../terragrunt.hcl
  dir: child_and_parent_specify_workflow/child
  workflow: workflowSpecifiedInChild
- autoplan:
    enabled: false
    when_modified:
    - '*.hcl'
    - '*.tf*'
  dir: different_workflow_names/defaultWorkflow
- autoplan:
    enabled: false
    when_modified:
    - '*.hcl'
    - '*.tf*'
  dir: different_workflow_names/workflowA
  workflow: workflowA
- autoplan:
    enabled: false
    when_modified:
    - '*.hcl'
    - '*.tf*'
  dir: different_workflow_names/workflowB
  workflow: workflowB
- autoplan:
    enabled: false
    when_modified:
    - '*.hcl'
    - '*.tf*'
    - ../terragrunt.hcl
    - ../terraform.tfvars
    - ../dev.tfvars
    - ../us-east-1.tfvars
    - dev.tfvars
    - us-east-1.tfvars
  dir: extra_arguments/child
- autoplan:
    enabled: false
    when_modified:
    - '*.hcl'
    - '*.tf*'
    - ../terragrunt.hcl
  dir: extra_arguments/no_files_at_all
- autoplan:
    enabled: false
    when_modified:
    - '*.hcl'
    - '*.tf*'
    - ../terragrunt.hcl
    - ../dev.tfvars
    - ../us-east-1.tfvars
    - dev.tfvars
    - us-east-1.tfvars
  dir: extra_arguments/only_optional_files
- autoplan:
    enabled: false
    when_modified:
    - '*.hcl'
    - '*.tf*'
    - ../terragrunt.hcl
    - ../terraform.tfvars
  dir: extra_arguments/only_required_files
- autoplan:
    enabled: false
    when_modified:
    - '*.hcl'
    - '*.tf*'
    - ../terragrunt.hcl
    - ../../../../common_vars/apps/consul/sg.tfvars
    - main.tfvars
  dir: extra_arguments/var_file
- autoplan:
    enabled: false
    when_modified:
    - '*.hcl'
    - '*.tf*'
    - some_extra_dep
    - ../test_file.json
  dir: extra_dependency/child
- autoplan:
    enabled: false
    when_modified:
    - '*.hcl'
    - '*.tf*'
    - ../terragrunt.hcl
    - ../someRandomDir/terragrunt.hcl
  dir: hcl_json/json_expanded
  workflow: terragruntjson  
- autoplan:
    enabled: false
    when_modified:
    - '*.hcl'
    - '*.tf*'
    - '**/*.hcl'
    - '**/*.tf*'
    - ../terragrunt.hcl
  dir: invalid_parent_module/child
- autoplan:
    enabled: false
    when_modified:
    - '*.hcl'
    - '*.tf*'
    - ../../terragrunt.hcl
  dir: invalid_parent_module/child/deep
- autoplan:
    enabled: false
    when_modified:
    - '*.hcl'
    - '*.tf*'
    - ../terragrunt.hcl
    - ../root-module/*.tf*
    - ../terraform-module/*.tf*
  dir: local_terraform_abs_module_source/terragrunt-module
- autoplan:
    enabled: false
    when_modified:
    - '*.hcl'
    - '*.tf*'
    - ../root-module/*.tf*
    - ../terraform-module/*.tf*
  dir: local_terraform_module_source/terragrunt-module
- autoplan:
    enabled: false
    when_modified:
    - '*.hcl'
    - '*.tf*'
    - ../terragrunt.hcl
    - ../terraform-another-module/*.tf*
    - ../terraform-module/*.tf*
    - ../terraform-module/nested-module/*.tf*
  dir: local_tf_module_source/terraform
- autoplan:
    enabled: false
    when_modified:
    - '*.hcl'
    - '*.tf*'
    - '**/*.hcl'
    - '**/*.tf*'
    - ../../../terragrunt.hcl
  dir: multi_accounts_vpc_route53_tgw/network-account/eu-west-1/network
- autoplan:
    enabled: false
    when_modified:
    - '*.hcl'
    - '*.tf*'
    - ../../../../terragrunt.hcl
  dir: multi_accounts_vpc_route53_tgw/network-account/eu-west-1/network/transit-gateway
- autoplan:
    enabled: false
    when_modified:
    - '*.hcl'
    - '*.tf*'
    - '**/*.hcl'
    - '**/*.tf*'
    - ../../../terragrunt.hcl
    - ../env-a/network/vpc/terragrunt.hcl
    - ../../../network-account/eu-west-1/network/transit-gateway/terragrunt.hcl
  dir: multi_accounts_vpc_route53_tgw/prod/eu-west-1/_global
- autoplan:
    enabled: false
    when_modified:
    - '*.hcl'
    - '*.tf*'
    - ../../../../../terragrunt.hcl
    - ../../../env-a/network/vpc/terragrunt.hcl
    - ../../../../../network-account/eu-west-1/network/transit-gateway/terragrunt.hcl
  dir: multi_accounts_vpc_route53_tgw/prod/eu-west-1/_global/route53/test-zone
- autoplan:
    enabled: false
    when_modified:
    - '*.hcl'
    - '*.tf*'
    - '**/*.hcl'
    - '**/*.tf*'
    - ../../../terragrunt.hcl
    - ../../../network-account/eu-west-1/network/transit-gateway/terragrunt.hcl
  dir: multi_accounts_vpc_route53_tgw/prod/eu-west-1/env-a
- autoplan:
    enabled: false
    when_modified:
    - '*.hcl'
    - '*.tf*'
    - ../../../../../terragrunt.hcl
    - ../../../../../network-account/eu-west-1/network/transit-gateway/terragrunt.hcl
  dir: multi_accounts_vpc_route53_tgw/prod/eu-west-1/env-a/network/vpc
- autoplan:
    enabled: false
    when_modified:
    - '*.hcl'
    - '*.tf*'
    - ../use_terraform_12_parent.hcl
    - ../use_terraform_13_parent.hcl
  dir: multiple_includes/includes_tf_12_then_13
  terraform_version: 0.13.9001
- autoplan:
    enabled: false
    when_modified:
    - '*.hcl'
    - '*.tf*'
    - ../use_terraform_13_parent.hcl
    - ../use_terraform_12_parent.hcl
  dir: multiple_includes/includes_tf_13_then_12
  terraform_version: 0.12.9001
- autoplan:
    enabled: false
    when_modified:
    - '*.hcl'
    - '*.tf*'
    - ../use_terraform_12_parent.hcl
  dir: multiple_includes/uses_terraform_12
  terraform_version: 0.12.9001
- autoplan:
    enabled: false
    when_modified:
    - '*.hcl'
    - '*.tf*'
    - ../use_terraform_13_parent.hcl
  dir: multiple_includes/uses_terraform_13
  terraform_version: 0.13.9001
- autoplan:
    enabled: false
    when_modified:
    - '*.hcl'
    - '*.tf*'
    - '**/*.hcl'
    - '**/*.tf*'
    - ../../../terragrunt.hcl
    - ../stage/network/terragrunt.hcl
  dir: no_terraform_blocks/myproject/eu-south-1/infra
- autoplan:
    enabled: false
    when_modified:
    - '*.hcl'
    - '*.tf*'
    - ../../../../terragrunt.hcl
    - ../network/terragrunt.hcl
    - ../../stage/network/terragrunt.hcl
  dir: no_terraform_blocks/myproject/eu-south-1/infra/apps
- autoplan:
    enabled: false
    when_modified:
    - '*.hcl'
    - '*.tf*'
    - ../../../../terragrunt.hcl
    - ../../stage/network/terragrunt.hcl
  dir: no_terraform_blocks/myproject/eu-south-1/infra/network
- autoplan:
    enabled: false
    when_modified:
    - '*.hcl'
    - '*.tf*'
    - '**/*.hcl'
    - '**/*.tf*'
    - ../../../terragrunt.hcl
  dir: no_terraform_blocks/myproject/eu-south-1/stage
- autoplan:
    enabled: false
    when_modified:
    - '*.hcl'
    - '*.tf*'
    - ../../../../terragrunt.hcl
    - ../network/terragrunt.hcl
  dir: no_terraform_blocks/myproject/eu-south-1/stage/dbs
- autoplan:
    enabled: false
    when_modified:
    - '*.hcl'
    - '*.tf*'
    - ../../../../terragrunt.hcl
  dir: no_terraform_blocks/myproject/eu-south-1/stage/network
- autoplan:
    enabled: false
    when_modified:
    - '*.hcl'
    - '*.tf*'
    - '**/*.hcl'
    - '**/*.tf*'
    - ../../terragrunt.hcl
  dir: no_terraform_blocks/myproject/global
- autoplan:
    enabled: false
    when_modified:
    - '*.hcl'
    - '*.tf*'
    - ../../../terragrunt.hcl
  dir: no_terraform_blocks/myproject/global/dns
- autoplan:
    enabled: false
    when_modified:
    - '*.hcl'
    - '*.tf*'
    - ../../../terragrunt.hcl
  dir: no_terraform_blocks/myproject/global/iam
- autoplan:
    enabled: false
    when_modified:
    - '*.hcl'
    - '*.tf*'
    - ../../parent/terragrunt.hcl
    - some_parent_dep
    - ../file_in_parent_of_child.json
    - ../../parent/folder_under_parent/common_tags.hcl
    - some_child_dep
  dir: parent_with_extra_deps/deep/child
- autoplan:
    enabled: false
    when_modified:
    - '*.hcl'
    - '*.tf*'
    - ../../parent/terragrunt.hcl
    - some_parent_dep
    - local_tags.yaml
    - ../file_in_parent_of_child.json
    - ../../parent/folder_under_parent/common_tags.hcl
    - some_child_dep
  dir: parent_with_extra_deps/deep_with_local_tags_file/child
- autoplan:
    enabled: false
    when_modified:
    - '*.hcl'
    - '*.tf*'
    - ../terragrunt.hcl
  dir: parent_with_workflow_local/child
  workflow: workflowSpecifiedInParent
- autoplan:
    enabled: false
    when_modified:
    - '*.hcl'
    - '*.tf*'
    - '**/*.hcl'
    - '**/*.tf*'
    - ../../../terragrunt.hcl
    - ../../account.hcl
    - ../region.hcl
    - ../../arbitrary.hcl
    - ../stage/**/*.hcl
  dir: project_hcl_with_atlantis_locals/non-prod/us-east-1/qa
  workflow: anotherWorkflowSpecifiedInParent
- autoplan:
    enabled: false
    when_modified:
    - '*.hcl'
    - '*.tf*'
    - ../../../../terragrunt.hcl
    - ../../../account.hcl
    - ../../region.hcl
    - ../env.hcl
  dir: project_hcl_with_atlantis_locals/non-prod/us-east-1/qa/mysql
- autoplan:
    enabled: false
    when_modified:
    - '*.hcl'
    - '*.tf*'
    - ../../../../terragrunt.hcl
    - ../../../account.hcl
    - ../../region.hcl
    - ../env.hcl
  dir: project_hcl_with_atlantis_locals/non-prod/us-east-1/qa/webserver-cluster
- autoplan:
    enabled: false
    when_modified:
    - '*.hcl'
    - '*.tf*'
    - '**/*.hcl'
    - '**/*.tf*'
    - ../../../terragrunt.hcl
    - ../../account.hcl
    - ../region.hcl
  dir: project_hcl_with_atlantis_locals/non-prod/us-east-1/stage
  workflow: workflowSpecifiedInParent
- autoplan:
    enabled: false
    when_modified:
    - '*.hcl'
    - '*.tf*'
    - ../../../../terragrunt.hcl
    - ../../../account.hcl
    - ../../region.hcl
    - ../env.hcl
  dir: project_hcl_with_atlantis_locals/non-prod/us-east-1/stage/mysql
- autoplan:
    enabled: false
    when_modified:
    - '*.hcl'
    - '*.tf*'
    - ../../../../terragrunt.hcl
    - ../../../account.hcl
    - ../../region.hcl
    - ../env.hcl
  dir: project_hcl_with_atlantis_locals/non-prod/us-east-1/stage/webserver-cluster
- autoplan:
    enabled: false
    when_modified:
    - '*.hcl'
    - '*.tf*'
    - '**/*.hcl'
    - '**/*.tf*'
    - ../../../terragrunt.hcl
    - ../../account.hcl
    - ../region.hcl
    - ../../arbitrary.hcl
    - ../stage/**/*.hcl
  dir: project_hcl_with_project_marker/non-prod/us-east-1/qa
  workflow: anotherWorkflowSpecifiedInParent
- autoplan:
    enabled: false
    when_modified:
    - '*.hcl'
    - '*.tf*'
    - ../../../../terragrunt.hcl
    - ../../../account.hcl
    - ../../region.hcl
    - ../env.hcl
  dir: project_hcl_with_project_marker/non-prod/us-east-1/qa/mysql
- autoplan:
    enabled: false
    when_modified:
    - '*.hcl'
    - '*.tf*'
    - ../../../../terragrunt.hcl
    - ../../../account.hcl
    - ../../region.hcl
    - ../env.hcl
  dir: project_hcl_with_project_marker/non-prod/us-east-1/qa/webserver-cluster
- autoplan:
    enabled: false
    when_modified:
    - '*.hcl'
    - '*.tf*'
    - '**/*.hcl'
    - '**/*.tf*'
    - ../../../terragrunt.hcl
    - ../../account.hcl
    - ../region.hcl
  dir: project_hcl_with_project_marker/non-prod/us-east-1/stage
  workflow: workflowSpecifiedInParent
- autoplan:
    enabled: false
    when_modified:
    - '*.hcl'
    - '*.tf*'
    - ../../../../terragrunt.hcl
    - ../../../account.hcl
    - ../../region.hcl
    - ../env.hcl
  dir: project_hcl_with_project_marker/non-prod/us-east-1/stage/mysql
- autoplan:
    enabled: false
    when_modified:
    - '*.hcl'
    - '*.tf*'
    - ../../../../terragrunt.hcl
    - ../../../account.hcl
    - ../../region.hcl
    - ../env.hcl
  dir: project_hcl_with_project_marker/non-prod/us-east-1/stage/webserver-cluster
- autoplan:
    enabled: false
    when_modified:
    - '*.hcl'
    - '*.tf*'
  dir: remote_module_source_bitbucket
- autoplan:
    enabled: false
    when_modified:
    - '*.hcl'
    - '*.tf*'
  dir: remote_module_source_gcs
- autoplan:
    enabled: false
    when_modified:
    - '*.hcl'
    - '*.tf*'
  dir: remote_module_source_git_https
- autoplan:
    enabled: false
    when_modified:
    - '*.hcl'
    - '*.tf*'
  dir: remote_module_source_git_scp_like
- autoplan:
    enabled: false
    when_modified:
    - '*.hcl'
    - '*.tf*'
  dir: remote_module_source_git_ssh
- autoplan:
    enabled: false
    when_modified:
    - '*.hcl'
    - '*.tf*'
  dir: remote_module_source_github_https
- autoplan:
    enabled: false
    when_modified:
    - '*.hcl'
    - '*.tf*'
  dir: remote_module_source_github_ssh
- autoplan:
    enabled: false
    when_modified:
    - '*.hcl'
    - '*.tf*'
  dir: remote_module_source_http
- autoplan:
    enabled: false
    when_modified:
    - '*.hcl'
    - '*.tf*'
  dir: remote_module_source_https
- autoplan:
    enabled: false
    when_modified:
    - '*.hcl'
    - '*.tf*'
  dir: remote_module_source_mercurial
- autoplan:
    enabled: false
    when_modified:
    - '*.hcl'
    - '*.tf*'
  dir: remote_module_source_s3
- autoplan:
    enabled: false
    when_modified:
    - '*.hcl'
    - '*.tf*'
  dir: remote_module_source_terraform_registry
- autoplan:
    enabled: false
    when_modified:
    - '*.hcl'
    - '*.tf*'
    - ../terragrunt.hcl
  dir: skip/skip_false
- autoplan:
    enabled: false
    when_modified:
    - '*.hcl'
    - '*.tf*'
    - ../terragrunt.hcl
  dir: terraform_version/inherit_from_parent
  terraform_version: 0.12.9001
- autoplan:
    enabled: false
    when_modified:
    - '*.hcl'
    - '*.tf*'
    - ../terragrunt.hcl
  dir: terraform_version/override_parent
  terraform_version: 0.13.9001
- autoplan:
    enabled: false
    when_modified:
    - '*.hcl'
    - '*.tf*'
  dir: terraform_version/use_flag_default
- autoplan:
    enabled: false
    when_modified:
    - '*.hcl'
    - '*.tf*'
    - '**/*.hcl'
    - '**/*.tf*'
    - ../../../terragrunt.hcl
    - ../../../_envcommon/mysql.hcl
    - ../../account.hcl
    - ../region.hcl
    - ../../../_envcommon/webserver-cluster.hcl
  dir: terragrunt-infrastructure-live-example/non-prod/us-east-1/qa
- autoplan:
    enabled: false
    when_modified:
    - '*.hcl'
    - '*.tf*'
    - ../../../../terragrunt.hcl
    - ../../../../_envcommon/mysql.hcl
    - ../../../account.hcl
    - ../../region.hcl
    - ../env.hcl
  dir: terragrunt-infrastructure-live-example/non-prod/us-east-1/qa/mysql
- autoplan:
    enabled: false
    when_modified:
    - '*.hcl'
    - '*.tf*'
    - ../../../../terragrunt.hcl
    - ../../../../_envcommon/webserver-cluster.hcl
    - ../../../account.hcl
    - ../../region.hcl
    - ../env.hcl
  dir: terragrunt-infrastructure-live-example/non-prod/us-east-1/qa/webserver-cluster
- autoplan:
    enabled: false
    when_modified:
    - '*.hcl'
    - '*.tf*'
    - '**/*.hcl'
    - '**/*.tf*'
    - ../../../terragrunt.hcl
    - ../../../_envcommon/mysql.hcl
    - ../../account.hcl
    - ../region.hcl
    - ../../../_envcommon/webserver-cluster.hcl
  dir: terragrunt-infrastructure-live-example/non-prod/us-east-1/stage
- autoplan:
    enabled: false
    when_modified:
    - '*.hcl'
    - '*.tf*'
    - ../../../../terragrunt.hcl
    - ../../../../_envcommon/mysql.hcl
    - ../../../account.hcl
    - ../../region.hcl
    - ../env.hcl
  dir: terragrunt-infrastructure-live-example/non-prod/us-east-1/stage/mysql
- autoplan:
    enabled: false
    when_modified:
    - '*.hcl'
    - '*.tf*'
    - ../../../../terragrunt.hcl
    - ../../../../_envcommon/webserver-cluster.hcl
    - ../../../account.hcl
    - ../../region.hcl
    - ../env.hcl
  dir: terragrunt-infrastructure-live-example/non-prod/us-east-1/stage/webserver-cluster
- autoplan:
    enabled: false
    when_modified:
    - '*.hcl'
    - '*.tf*'
    - '**/*.hcl'
    - '**/*.tf*'
    - ../../../terragrunt.hcl
    - ../../../_envcommon/mysql.hcl
    - ../../account.hcl
    - ../region.hcl
    - ../../../_envcommon/webserver-cluster.hcl
  dir: terragrunt-infrastructure-live-example/prod/us-east-1/prod
- autoplan:
    enabled: false
    when_modified:
    - '*.hcl'
    - '*.tf*'
    - ../../../../terragrunt.hcl
    - ../../../../_envcommon/mysql.hcl
    - ../../../account.hcl
    - ../../region.hcl
    - ../env.hcl
  dir: terragrunt-infrastructure-live-example/prod/us-east-1/prod/mysql
- autoplan:
    enabled: false
    when_modified:
    - '*.hcl'
    - '*.tf*'
    - ../../../../terragrunt.hcl
    - ../../../../_envcommon/webserver-cluster.hcl
    - ../../../account.hcl
    - ../../region.hcl
    - ../env.hcl
  dir: terragrunt-infrastructure-live-example/prod/us-east-1/prod/webserver-cluster
- autoplan:
    enabled: false
    when_modified:
    - '*.hcl'
    - '*.tf*'
  dir: terragrunt_dependency/dependency
- autoplan:
    enabled: false
    when_modified:
    - '*.hcl'
    - '*.tf*'
    - ../dependency/terragrunt.hcl
  dir: terragrunt_dependency/depender
- autoplan:
    enabled: false
    when_modified:
    - '*.hcl'
    - '*.tf*'
    - ../terragrunt.hcl
    - ../common/terragrunt.hcl
    - ../dependency/terragrunt.hcl
  dir: with_original_dir/child
- autoplan:
    enabled: false
    when_modified:
    - '*.hcl'
    - '*.tf*'
    - ../terragrunt.hcl
  dir: with_original_dir/dependency
- autoplan:
    enabled: false
    when_modified:
    - '*.hcl'
    - '*.tf*'
    - ../terragrunt.hcl
  dir: with_parent/child
version: 3
