automerge: false
parallel_apply: true
parallel_plan: true
projects:
- autoplan:
    enabled: false
    when_modified:
    - '*.hcl'
    - '*.tf*'
    - '**/*.hcl'
    - '**/*.tf*'
    - ../terragrunt.hcl
  dir: invalid_parent_module/child
- autoplan:
    enabled: false
    when_modified:
    - '*.hcl'
    - '*.tf*'
    - ../../terragrunt.hcl
  dir: invalid_parent_module/child/deep
- autoplan:
    enabled: false
    when_modified:
    - '*.hcl'
    - '*.tf*'
    - '**/*.hcl'
    - '**/*.tf*'
    - ../../../terragrunt.hcl
  dir: multi_accounts_vpc_route53_tgw/network-account/eu-west-1/network
- autoplan:
    enabled: false
    when_modified:
    - '*.hcl'
    - '*.tf*'
    - ../../../../terragrunt.hcl
  dir: multi_accounts_vpc_route53_tgw/network-account/eu-west-1/network/transit-gateway
- autoplan:
    enabled: false
    when_modified:
    - '*.hcl'
    - '*.tf*'
    - '**/*.hcl'
    - '**/*.tf*'
    - ../../../terragrunt.hcl
    - ../env-a/network/vpc/terragrunt.hcl
    - ../../../network-account/eu-west-1/network/transit-gateway/terragrunt.hcl
  dir: multi_accounts_vpc_route53_tgw/prod/eu-west-1/_global
- autoplan:
    enabled: false
    when_modified:
    - '*.hcl'
    - '*.tf*'
    - ../../../../../terragrunt.hcl
    - ../../../env-a/network/vpc/terragrunt.hcl
    - ../../../../../network-account/eu-west-1/network/transit-gateway/terragrunt.hcl
  dir: multi_accounts_vpc_route53_tgw/prod/eu-west-1/_global/route53/test-zone
- autoplan:
    enabled: false
    when_modified:
    - '*.hcl'
    - '*.tf*'
    - '**/*.hcl'
    - '**/*.tf*'
    - ../../../terragrunt.hcl
    - ../../../network-account/eu-west-1/network/transit-gateway/terragrunt.hcl
  dir: multi_accounts_vpc_route53_tgw/prod/eu-west-1/env-a
- autoplan:
    enabled: false
    when_modified:
    - '*.hcl'
    - '*.tf*'
    - ../../../../../terragrunt.hcl
    - ../../../../../network-account/eu-west-1/network/transit-gateway/terragrunt.hcl
  dir: multi_accounts_vpc_route53_tgw/prod/eu-west-1/env-a/network/vpc
- autoplan:
    enabled: false
    when_modified:
    - '*.hcl'
    - '*.tf*'
    - '**/*.hcl'
    - '**/*.tf*'
    - ../../../terragrunt.hcl
    - ../stage/network/terragrunt.hcl
  dir: no_terraform_blocks/myproject/eu-south-1/infra
- autoplan:
    enabled: false
    when_modified:
    - '*.hcl'
    - '*.tf*'
    - ../../../../terragrunt.hcl
    - ../network/terragrunt.hcl
    - ../../stage/network/terragrunt.hcl
  dir: no_terraform_blocks/myproject/eu-south-1/infra/apps
- autoplan:
    enabled: false
    when_modified:
    - '*.hcl'
    - '*.tf*'
    - ../../../../terragrunt.hcl
    - ../../stage/network/terragrunt.hcl
  dir: no_terraform_blocks/myproject/eu-south-1/infra/network
- autoplan:
    enabled: false
    when_modified:
    - '*.hcl'
    - '*.tf*'
    - '**/*.hcl'
    - '**/*.tf*'
    - ../../../terragrunt.hcl
  dir: no_terraform_blocks/myproject/eu-south-1/stage
- autoplan:
    enabled: false
    when_modified:
    - '*.hcl'
    - '*.tf*'
    - ../../../../terragrunt.hcl
    - ../network/terragrunt.hcl
  dir: no_terraform_blocks/myproject/eu-south-1/stage/dbs
- autoplan:
    enabled: false
    when_modified:
    - '*.hcl'
    - '*.tf*'
    - ../../../../terragrunt.hcl
  dir: no_terraform_blocks/myproject/eu-south-1/stage/network
- autoplan:
    enabled: false
    when_modified:
    - '*.hcl'
    - '*.tf*'
    - '**/*.hcl'
    - '**/*.tf*'
    - ../../terragrunt.hcl
  dir: no_terraform_blocks/myproject/global
- autoplan:
    enabled: false
    when_modified:
    - '*.hcl'
    - '*.tf*'
    - ../../../terragrunt.hcl
  dir: no_terraform_blocks/myproject/global/dns
- autoplan:
    enabled: false
    when_modified:
    - '*.hcl'
    - '*.tf*'
    - ../../../terragrunt.hcl
  dir: no_terraform_blocks/myproject/global/iam
- autoplan:
    enabled: false
    when_modified:
    - '*.hcl'
    - '*.tf*'
    - '**/*.hcl'
    - '**/*.tf*'
    - ../../../terragrunt.hcl
    - ../../account.hcl
    - ../region.hcl
    - ../../arbitrary.hcl
    - ../stage/**/*.hcl
  dir: project_hcl_with_atlantis_locals/non-prod/us-east-1/qa
  workflow: anotherWorkflowSpecifiedInParent
- autoplan:
    enabled: false
    when_modified:
    - '*.hcl'
    - '*.tf*'
    - ../../../../terragrunt.hcl
    - ../../../account.hcl
    - ../../region.hcl
    - ../env.hcl
  dir: project_hcl_with_atlantis_locals/non-prod/us-east-1/qa/mysql
- autoplan:
    enabled: false
    when_modified:
    - '*.hcl'
    - '*.tf*'
    - ../../../../terragrunt.hcl
    - ../../../account.hcl
    - ../../region.hcl
    - ../env.hcl
  dir: project_hcl_with_atlantis_locals/non-prod/us-east-1/qa/webserver-cluster
- autoplan:
    enabled: false
    when_modified:
    - '*.hcl'
    - '*.tf*'
    - '**/*.hcl'
    - '**/*.tf*'
    - ../../../terragrunt.hcl
    - ../../account.hcl
    - ../region.hcl
  dir: project_hcl_with_atlantis_locals/non-prod/us-east-1/stage
  workflow: workflowSpecifiedInParent
- autoplan:
    enabled: false
    when_modified:
    - '*.hcl'
    - '*.tf*'
    - ../../../../terragrunt.hcl
    - ../../../account.hcl
    - ../../region.hcl
    - ../env.hcl
  dir: project_hcl_with_atlantis_locals/non-prod/us-east-1/stage/mysql
- autoplan:
    enabled: false
    when_modified:
    - '*.hcl'
    - '*.tf*'
    - ../../../../terragrunt.hcl
    - ../../../account.hcl
    - ../../region.hcl
    - ../env.hcl
  dir: project_hcl_with_atlantis_locals/non-prod/us-east-1/stage/webserver-cluster
- autoplan:
    enabled: false
    when_modified:
    - '*.hcl'
    - '*.tf*'
    - '**/*.hcl'
    - '**/*.tf*'
    - ../../../terragrunt.hcl
    - ../../account.hcl
    - ../region.hcl
    - ../../arbitrary.hcl
    - ../stage/**/*.hcl
  dir: project_hcl_with_project_marker/non-prod/us-east-1/qa
  workflow: anotherWorkflowSpecifiedInParent
- autoplan:
    enabled: false
    when_modified:
    - '*.hcl'
    - '*.tf*'
    - ../../../../terragrunt.hcl
    - ../../../account.hcl
    - ../../region.hcl
    - ../env.hcl
  dir: project_hcl_with_project_marker/non-prod/us-east-1/qa/mysql
- autoplan:
    enabled: false
    when_modified:
    - '*.hcl'
    - '*.tf*'
    - ../../../../terragrunt.hcl
    - ../../../account.hcl
    - ../../region.hcl
    - ../env.hcl
  dir: project_hcl_with_project_marker/non-prod/us-east-1/qa/webserver-cluster
- autoplan:
    enabled: false
    when_modified:
    - '*.hcl'
    - '*.tf*'
    - '**/*.hcl'
    - '**/*.tf*'
    - ../../../terragrunt.hcl
    - ../../account.hcl
    - ../region.hcl
  dir: project_hcl_with_project_marker/non-prod/us-east-1/stage
  workflow: workflowSpecifiedInParent
- autoplan:
    enabled: false
    when_modified:
    - '*.hcl'
    - '*.tf*'
    - ../../../../terragrunt.hcl
    - ../../../account.hcl
    - ../../region.hcl
    - ../env.hcl
  dir: project_hcl_with_project_marker/non-prod/us-east-1/stage/mysql
- autoplan:
    enabled: false
    when_modified:
    - '*.hcl'
    - '*.tf*'
    - ../../../../terragrunt.hcl
    - ../../../account.hcl
    - ../../region.hcl
    - ../env.hcl
  dir: project_hcl_with_project_marker/non-prod/us-east-1/stage/webserver-cluster
- autoplan:
    enabled: false
    when_modified:
    - '*.hcl'
    - '*.tf*'
    - '**/*.hcl'
    - '**/*.tf*'
    - ../../../terragrunt.hcl
    - ../../../_envcommon/mysql.hcl
    - ../../account.hcl
    - ../region.hcl
    - ../../../_envcommon/webserver-cluster.hcl
  dir: terragrunt-infrastructure-live-example/non-prod/us-east-1/qa
- autoplan:
    enabled: false
    when_modified:
    - '*.hcl'
    - '*.tf*'
    - ../../../../terragrunt.hcl
    - ../../../../_envcommon/mysql.hcl
    - ../../../account.hcl
    - ../../region.hcl
    - ../env.hcl
  dir: terragrunt-infrastructure-live-example/non-prod/us-east-1/qa/mysql
- autoplan:
    enabled: false
    when_modified:
    - '*.hcl'
    - '*.tf*'
    - ../../../../terragrunt.hcl
    - ../../../../_envcommon/webserver-cluster.hcl
    - ../../../account.hcl
    - ../../region.hcl
    - ../env.hcl
  dir: terragrunt-infrastructure-live-example/non-prod/us-east-1/qa/webserver-cluster
- autoplan:
    enabled: false
    when_modified:
    - '*.hcl'
    - '*.tf*'
    - '**/*.hcl'
    - '**/*.tf*'
    - ../../../terragrunt.hcl
    - ../../../_envcommon/mysql.hcl
    - ../../account.hcl
    - ../region.hcl
    - ../../../_envcommon/webserver-cluster.hcl
  dir: terragrunt-infrastructure-live-example/non-prod/us-east-1/stage
- autoplan:
    enabled: false
    when_modified:
    - '*.hcl'
    - '*.tf*'
    - ../../../../terragrunt.hcl
    - ../../../../_envcommon/mysql.hcl
    - ../../../account.hcl
    - ../../region.hcl
    - ../env.hcl
  dir: terragrunt-infrastructure-live-example/non-prod/us-east-1/stage/mysql
- autoplan:
    enabled: false
    when_modified:
    - '*.hcl'
    - '*.tf*'
    - ../../../../terragrunt.hcl
    - ../../../../_envcommon/webserver-cluster.hcl
    - ../../../account.hcl
    - ../../region.hcl
    - ../env.hcl
  dir: terragrunt-infrastructure-live-example/non-prod/us-east-1/stage/webserver-cluster
- autoplan:
    enabled: false
    when_modified:
    - '*.hcl'
    - '*.tf*'
    - '**/*.hcl'
    - '**/*.tf*'
    - ../../../terragrunt.hcl
    - ../../../_envcommon/mysql.hcl
    - ../../account.hcl
    - ../region.hcl
    - ../../../_envcommon/webserver-cluster.hcl
  dir: terragrunt-infrastructure-live-example/prod/us-east-1/prod
- autoplan:
    enabled: false
    when_modified:
    - '*.hcl'
    - '*.tf*'
    - ../../../../terragrunt.hcl
    - ../../../../_envcommon/mysql.hcl
    - ../../../account.hcl
    - ../../region.hcl
    - ../env.hcl
  dir: terragrunt-infrastructure-live-example/prod/us-east-1/prod/mysql
- autoplan:
    enabled: false
    when_modified:
    - '*.hcl'
    - '*.tf*'
    - ../../../../terragrunt.hcl
    - ../../../../_envcommon/webserver-cluster.hcl
    - ../../../account.hcl
    - ../../region.hcl
    - ../env.hcl
  dir: terragrunt-infrastructure-live-example/prod/us-east-1/prod/webserver-cluster
version: 3
