automerge: false
parallel_apply: true
parallel_plan: true
projects:
- autoplan:
    enabled: false
    when_modified:
    - '*.hcl'
    - '*.tf*'
    - ../terragrunt.hcl
    - ../terraform.tfvars
    - ../dev.tfvars
    - ../us-east-1.tfvars
    - dev.tfvars
    - us-east-1.tfvars
  dir: child
- autoplan:
    enabled: false
    when_modified:
    - '*.hcl'
    - '*.tf*'
    - ../terragrunt.hcl
  dir: no_files_at_all
- autoplan:
    enabled: false
    when_modified:
    - '*.hcl'
    - '*.tf*'
    - ../terragrunt.hcl
    - ../dev.tfvars
    - ../us-east-1.tfvars
    - dev.tfvars
    - us-east-1.tfvars
  dir: only_optional_files
- autoplan:
    enabled: false
    when_modified:
    - '*.hcl'
    - '*.tf*'
    - ../terragrunt.hcl
    - ../terraform.tfvars
  dir: only_required_files
- autoplan:
    enabled: false
    when_modified:
    - '*.hcl'
    - '*.tf*'
    - ../terragrunt.hcl
    - ../../../../common_vars/apps/consul/sg.tfvars
    - main.tfvars
  dir: var_file
version: 3
