automerge: false
parallel_apply: true
parallel_plan: true
projects:
- autoplan:
    enabled: false
    when_modified:
    - '*.hcl'
    - '*.tf*'
    - ../../../../terragrunt.hcl
    - ../../../../_envcommon/mysql.hcl
    - ../../../account.hcl
    - ../../region.hcl
    - ../env.hcl
  dir: non-prod/us-east-1/qa/mysql
- autoplan:
    enabled: false
    when_modified:
    - '*.hcl'
    - '*.tf*'
    - ../../../../terragrunt.hcl
    - ../../../../_envcommon/mysql.hcl
    - ../../../account.hcl
    - ../../region.hcl
    - ../env.hcl
  dir: non-prod/us-east-1/stage/mysql
- autoplan:
    enabled: false
    when_modified:
    - '*.hcl'
    - '*.tf*'
    - ../../../../terragrunt.hcl
    - ../../../../_envcommon/mysql.hcl
    - ../../../account.hcl
    - ../../region.hcl
    - ../env.hcl
  dir: prod/us-east-1/prod/mysql
version: 3
