automerge: false
parallel_apply: true
parallel_plan: true
projects:
- autoplan:
    enabled: false
    when_modified:
    - '*.hcl'
    - '*.tf*'
    - ../terragrunt.hcl
  dir: inherit_from_parent
  terraform_version: 0.12.9001
- autoplan:
    enabled: false
    when_modified:
    - '*.hcl'
    - '*.tf*'
    - ../terragrunt.hcl
  dir: override_parent
  terraform_version: 0.13.9001
- autoplan:
    enabled: false
    when_modified:
    - '*.hcl'
    - '*.tf*'
  dir: use_flag_default
  terraform_version: 0.14.9001
version: 3
